// Jest Snapshot v1, https://goo.gl/fbAQLP

exports[`ShieldsAPI should allow minting 1`] = `"data:application/json;base64,eyJuYW1lIjogIlNoaWVsZCIsICJkZXNjcmlwdGlvbiI6ICIuLi4iLCAiaW1hZ2UiOiAiZGF0YTppbWFnZS9zdmcreG1sO2Jhc2U2NCxQSE4yWnlCNGJXeHVjejBpYUhSMGNEb3ZMM2QzZHk1M015NXZjbWN2TWpBd01DOXpkbWNpSUhodGJHNXpPbmhzYVc1clBTSm9kSFJ3T2k4dmQzZDNMbmN6TG05eVp5OHhPVGs1TDNoc2FXNXJJaUIyYVdWM1FtOTRQU0l3SURBZ01qSXdJREkyTkNJK1BITjJaeUI0Yld4dWN6MGlhSFIwY0RvdkwzZDNkeTUzTXk1dmNtY3ZNakF3TUM5emRtY2lJSGh0Ykc1ek9uaHNhVzVyUFNKb2RIUndPaTh2ZDNkM0xuY3pMbTl5Wnk4eE9UazVMM2hzYVc1cklpQjJhV1YzUW05NFBTSXdJREFnTWpJd0lESTJOQ0krUEhCaGRHZ2daRDBpVFRZd0lEY3lkamMxWVRVd0lEVXdJREFnTUNBd0lEVXdJRFV3SURVd0lEVXdJREFnTUNBd0lEVXdMVFV3VmpjeVdpSWdabWxzYkQwaUl6QXdNREF3TUNJdlBqd3ZjM1puUGp4emRtY2dlRzFzYm5NOUltaDBkSEE2THk5M2QzY3Vkek11YjNKbkx6SXdNREF2YzNabklpQjRiV3h1Y3pwNGJHbHVhejBpYUhSMGNEb3ZMM2QzZHk1M015NXZjbWN2TVRrNU9TOTRiR2x1YXlJZ2RtbGxkMEp2ZUQwaU1DQXdJREl5TUNBeU5qUWlQanhrWldaelBqeHNhVzVsWVhKSGNtRmthV1Z1ZENCcFpEMGlhREV4Tmkwd0lpQjRNVDBpTUNJZ2VESTlJakVpSUhreFBTSXdJaUI1TWowaU1DSStQSE4wYjNBZ2IyWm1jMlYwUFNJd0lpQnpkRzl3TFdOdmJHOXlQU0lqTkdJMFlqUmlJaTgrUEhOMGIzQWdiMlptYzJWMFBTSXhJaUJ6ZEc5d0xXTnZiRzl5UFNJalptWm1JaTgrUEM5c2FXNWxZWEpIY21Ga2FXVnVkRDQ4YkdsdVpXRnlSM0poWkdsbGJuUWdhV1E5SW1neE1UWXRZU0lnZURFOUlqQWlJSGd5UFNJeElpQjVNVDBpTUNJZ2VUSTlJakFpUGp4emRHOXdJRzltWm5ObGREMGlNQ0lnYzNSdmNDMWpiMnh2Y2owaUl6UmlOR0kwWWlJdlBqeHpkRzl3SUc5bVpuTmxkRDBpTVNJZ2MzUnZjQzFqYjJ4dmNqMGlJMlptWmlJdlBqd3ZiR2x1WldGeVIzSmhaR2xsYm5RK1BHeHBibVZoY2tkeVlXUnBaVzUwSUdsa1BTSm9NVEUyTFdJaUlIZ3hQU0l4SWlCNE1qMGlNQ0lnZUd4cGJtczZhSEpsWmowaUkyZ3hNVFl0TUNJZ2VURTlJakFpSUhreVBTSXdJaTgrUEhKaFpHbGhiRWR5WVdScFpXNTBJR040UFNJdU5TSWdZM2s5SWk0M0lpQnBaRDBpYURFeE5pMWpJaUJ5UFNJeElqNDhjM1J2Y0NCdlptWnpaWFE5SWpBaUlITjBiM0F0WTI5c2IzSTlJbWR5WVhraUx6NDhjM1J2Y0NCdlptWnpaWFE5SWpBdU5TSWdjM1J2Y0MxamIyeHZjajBpSTJabVppSXZQanh6ZEc5d0lHOW1abk5sZEQwaU1DNDJOU0lnYzNSdmNDMWpiMnh2Y2owaUl6UmlOR0kwWWlJdlBqeHpkRzl3SUc5bVpuTmxkRDBpTVNJZ2MzUnZjQzFqYjJ4dmNqMGlJMlptWmlJdlBqd3ZjbUZrYVdGc1IzSmhaR2xsYm5RK1BHeHBibVZoY2tkeVlXUnBaVzUwSUdONFBTSXVOU0lnWTNrOUlpNDNJaUJwWkQwaWFERXhOaTFrSWlCeVBTSXhJajQ4YzNSdmNDQnZabVp6WlhROUlqQWlJSE4wYjNBdFkyOXNiM0k5SWlObVptWWlMejQ4YzNSdmNDQnZabVp6WlhROUlqRWlJSE4wYjNBdFkyOXNiM0k5SW1keVlYa2lMejQ4TDJ4cGJtVmhja2R5WVdScFpXNTBQanhzYVc1bFlYSkhjbUZrYVdWdWRDQnBaRDBpYURFeE5pMWxJaUI0TVQwaU1DSWdlREk5SWpBaUlIa3hQU0l3SWlCNU1qMGlNU0krUEhOMGIzQWdiMlptYzJWMFBTSXdJaUJ6ZEc5d0xXTnZiRzl5UFNKbmNtRjVJaTgrUEhOMGIzQWdiMlptYzJWMFBTSXhJaUJ6ZEc5d0xXTnZiRzl5UFNJalptWm1JaTgrUEM5c2FXNWxZWEpIY21Ga2FXVnVkRDQ4Y21Ga2FXRnNSM0poWkdsbGJuUWdZM2c5SWk0MUlpQmplVDBpTGpNMUlpQnBaRDBpYURFeE5pMW1JaUJ5UFNJeElqNDhjM1J2Y0NCdlptWnpaWFE5SWpBaUlITjBiM0F0WTI5c2IzSTlJbWR5WVhraUx6NDhjM1J2Y0NCdlptWnpaWFE5SWpBdU5TSWdjM1J2Y0MxamIyeHZjajBpSTJabVppSXZQanh6ZEc5d0lHOW1abk5sZEQwaU1DNDJJaUJ6ZEc5d0xXTnZiRzl5UFNJak5HSTBZalJpSWk4K1BITjBiM0FnYjJabWMyVjBQU0l4SWlCemRHOXdMV052Ykc5eVBTSm5jbUY1SWk4K1BDOXlZV1JwWVd4SGNtRmthV1Z1ZEQ0OGNtRmthV0ZzUjNKaFpHbGxiblFnWTNnOUlpNDFJaUJqZVQwaUxqSTFJaUJwWkQwaWFERXhOaTFvSWlCeVBTSXhJaUI0YkdsdWF6cG9jbVZtUFNJamFERXhOaTFtSWk4K1BHeHBibVZoY2tkeVlXUnBaVzUwSUdsa1BTSm9NVEUyTFdraUlIZ3hQU0l3SWlCNE1qMGlNQ0lnZVRFOUlqRWlJSGt5UFNJd0lqNDhjM1J2Y0NCdlptWnpaWFE5SWpBaUlITjBiM0F0WTI5c2IzSTlJbWR5WVhraUx6NDhjM1J2Y0NCdlptWnpaWFE5SWpBdU5TSWdjM1J2Y0MxamIyeHZjajBpSTJabVppSXZQanh6ZEc5d0lHOW1abk5sZEQwaU1TSWdjM1J2Y0MxamIyeHZjajBpWjNKaGVTSXZQand2YkdsdVpXRnlSM0poWkdsbGJuUStQR3hwYm1WaGNrZHlZV1JwWlc1MElHbGtQU0pvTVRFMkxXMGlJSGd4UFNJd0lpQjRNajBpTUNJZ2VHeHBibXM2YUhKbFpqMGlJMmd4TVRZdE1DSWdlVEU5SWpFaUlIa3lQU0l3SWk4K1BHWnBiSFJsY2lCcFpEMGlhREV4TmkxdUlpQnVZVzFsUFNKemFHRmtiM2NpUGp4bVpVUnliM0JUYUdGa2IzY2daSGc5SWpBaUlHUjVQU0l5SWlCemRHUkVaWFpwWVhScGIyNDlJakFpTHo0OEwyWnBiSFJsY2o0OGMzbHRZbTlzSUdsa1BTSm9NVEUyTFhBaUlIWnBaWGRDYjNnOUlqQWdNQ0F4TXk0NU15QXlOeTQwTkNJK1BIQmhkR2dnWkQwaVRUY3NNRUV4TkM0M015d3hOQzQzTXl3d0xEQXNNU3c0TGpJeExESXVOelpzTGpVekxTNDVNV0UxTGpZM0xEVXVOamNzTUN3d0xERXNNU3d5TGpnNWJDNDFPUzB1T1RSQk5pdzJMREFzTUN3eExERXhMRGN1TWpkaE1pd3lMREFzTUN3d0xDNDVOQzB1T0RZc09DNHpOaXc0TGpNMkxEQXNNQ3d4TEM0eU1Td3pMamN6YkRFdU1EWXRMamhUTVRNdU5EY3NNVE1zTVRJdU9EZ3NNVFJzTVMwdU1qaGhNVFl1T1RJc01UWXVPVElzTUN3d0xERXRNUzQxT0N3MExqQTNiQzQ0TlM0eU4yRXhPQzQwTml3eE9DNDBOaXd3TERBc01TMHlMalEwTERJdU5qWnNNU3d1TlRsQk9TNHlMRGt1TWl3d0xEQXNNU3c1TGpNeExESXpiREV1TVRrdU16TmhNVGNzTVRjc01Dd3dMREV0TWk0d055d3hMakU1YkRFdU1EWXVNVGRNTnl3eU55NDBORm9pSUdacGJHdzlJblZ5YkNnamFERXhOaTFsS1NJdlBqeHdZWFJvSUdROUlrMDNMREJCTVRVdU1EY3NNVFV1TURjc01Dd3dMREFzTlM0M01pd3lMamMyYkMwdU5UUXRMamt4WVRVdU5qY3NOUzQyTnl3d0xEQXNNQzB4TERJdU9EbE1NeTQyTkN3ekxqaGhOUzQ1TWl3MUxqa3lMREFzTUN3d0xTNDNMRE11TkRkQk1pd3lMREFzTUN3eExESXNOaTQwTVdFNExqUXlMRGd1TkRJc01Dd3dMREF0TGpJc015NDNNMHd1TnpRc09TNHpORk11TkRVc01UTXNNUzR3TlN3eE5Hd3RNUzB1TWpoaE1UWXVPVElzTVRZdU9USXNNQ3d3TERBc01TNDFPQ3cwTGpBM2JDMHVPRFV1TWpkaE1UZ3VNVGtzTVRndU1Ua3NNQ3d3TERBc01pNDBNeXd5TGpZMmJDMHhMQzQxT1VFNUxqSXNPUzR5TERBc01Dd3dMRFF1TmpJc01qTnNMVEV1TVRrdU16TkJNVFl1TWpZc01UWXVNallzTUN3d0xEQXNOUzQxTERJMExqVXpiQzB4TGpBMkxqRTNURGNzTWpjdU5EUkJNVFl5TGpFMUxERTJNaTR4TlN3d0xEQXNNQ3czTERCYUlpQm1hV3hzUFNKMWNtd29JMmd4TVRZdGJTa2lMejQ4TDNONWJXSnZiRDQ4YzNsdFltOXNJR2xrUFNKb01URTJMVzhpSUhacFpYZENiM2c5SWpBZ01DQTBNeTR6TlNBM05TNHpNU0krUEhCaGRHZ2daRDBpVFRRekxqTTFMRGt1TVRNc05ERXVOVFlzTVRJdU9HRTFNaTQ0TWl3MU1pNDRNaXd3TERBc01Td3VNVGtzTVRJdU16UmpMVEl1TXpJdExqVXpMVEV5TGpVeUxUZ3VOVGd0TVRndE1URXVNamRzTFM0ME5pNDNNbUV6Tnk0NU1Td3pOeTQ1TVN3d0xEQXNNU3c1TGpNNExEWXNPQ3c0TERBc01Dd3dMVE11TmpZdU5qRnpMUzR6TGpNMExTNHhMalExWVRZdU9ESXNOaTQ0TWl3d0xEQXNNU3cyTGpjeExERXVNRGtzTVRZdU5EUXNNVFl1TkRRc01Dd3dMREVzTkM0M05DdzFMalEwWXpFdU9UTXNOQzR6TWl3eUxqQTRMREl6TGpJNUxqUXhMREkxTGpjMkxTNHpMalExTFRJdU1UZ3RMalEzTFRRdU56TXRNUzQ1TFRFdU9EVXRNUzR4TkMweUxqWXRNaTQxTkMwekxqVTFMVFV1TXpVc01Dd3dMUzQyTXkweExTNDFMak14WVRFd0xqWTVMREV3TGpZNUxEQXNNQ3d3TERFdU16WXNNeTQxTW1NdE15NDNPUzB5TGpFMkxUZ3VNalF0TkM0Mk9TMHhNUzQwTVMwMUxqWTNkaTQ1TVdFeE16QXVNU3d4TXpBdU1Td3dMREFzTVN3eE1pdzJMalUwTERZdU9URXNOaTQ1TVN3d0xEQXNNQzB5TGpjeExqSTNjeTB1TkRNdU16UXRMalEzTGpZMFlUY3VNeklzTnk0ek1pd3dMREFzTVN3MkxqUTBMREV1TXpZc01UTXVORGNzTVRNdU5EY3NNQ3d3TERFc01pNDJNU3d5TGpVeFl6RXVPREVzTWk0MU5pd3lMamt4TERZdU9UUXVPRElzTVRjdU1qWnNNaTQwTXl3eFdpSWdabWxzYkQwaWRYSnNLQ05vTVRFMkxXa3BJaTgrUEhWelpTQm9aV2xuYUhROUlqSTNMalEwSWlCMGNtRnVjMlp2Y20wOUluUnlZVzV6YkdGMFpTZ3RNeTR6TmlBM0xqTTFLU0J5YjNSaGRHVW9MVFl4TGpFNUtTSWdkMmxrZEdnOUlqRXpMamt6SWlCNGJHbHVhenBvY21WbVBTSWphREV4Tmkxd0lpOCtQSFZ6WlNCb1pXbG5hSFE5SWpJM0xqUTBJaUIwY21GdWMyWnZjbTA5SW0xaGRISnBlQ2d0TUM0eU1pd2dMVEF1T0Rjc0lEQXVOemdzSUMwd0xqSXNJRGt1Tnpnc0lETXlMalE1S1NJZ2QybGtkR2c5SWpFekxqa3pJaUI0YkdsdWF6cG9jbVZtUFNJamFERXhOaTF3SWk4K1BIVnpaU0JvWldsbmFIUTlJakkzTGpRMElpQjBjbUZ1YzJadmNtMDlJbTFoZEhKcGVDZ3RNQzR6TWl3Z0xUQXVPRFFzSURBdU56VXNJQzB3TGpJNUxDQXhNeTR4Tnl3Z05qWXVNalFwSWlCM2FXUjBhRDBpTVRNdU9UTWlJSGhzYVc1ck9taHlaV1k5SWlOb01URTJMWEFpTHo0OGRYTmxJR2hsYVdkb2REMGlNamN1TkRRaUlIUnlZVzV6Wm05eWJUMGliV0YwY21sNEtEQXVPRGtzSUMwd0xqRXlMQ0F3TGpFc0lEQXVPQ3dnTWpNdU5pd2dNamN1TkNraUlIZHBaSFJvUFNJeE15NDVNeUlnZUd4cGJtczZhSEpsWmowaUkyZ3hNVFl0Y0NJdlBqeDFjMlVnYUdWcFoyaDBQU0l5Tnk0ME5DSWdkSEpoYm5ObWIzSnRQU0owY21GdWMyeGhkR1VvTFRNdU16WWdNemt1TURNcElISnZkR0YwWlNndE5qRXVNVGtwSWlCM2FXUjBhRDBpTVRNdU9UTWlJSGhzYVc1ck9taHlaV1k5SWlOb01URTJMWEFpTHo0OGNHRjBhQ0JrUFNKTk5ERXVOemtzTnpRdU9EUnpMak0xTFRZdU1qZ3VNelV0TVRFdU1qbGpNQzA1TGpZMUxUa3VNVEV0TVRFdU56VXRNVEV1TkRZdE1UQXVNekpoTnk0ek1pdzNMak15TERBc01Dd3hMRFl1TkRRc01TNHpOaXd4TXk0ME55d3hNeTQwTnl3d0xEQXNNU3d5TGpZeExESXVOVEZqTVM0NE1Td3lMalUyTERJdU9URXNOaTQ1TkM0NE1pd3hOeTR5TmxvaUlHWnBiR3c5SW5WeWJDZ2phREV4TmkxbEtTSXZQanh3WVhSb0lHUTlJazB5TVM0NE9TdzBOUzR4T0hZdExqTXhZek11TVRjc01TdzNMall5TERNdU5URXNNVEV1TkRFc05TNDJOMnd1T0RRc01TNHhPRnB0TWpBdU5UVXROQzQwTjJNd0xUVXVOakl1TWpNdE1USXVNVGt0TVM0NE1TMHhOQzQwTVhNdE5TNDRPUzAxTGpRMExUa3VNell0TlM0ME5HRTRMak1zT0M0ekxEQXNNQ3d3TFRJdU5EUXVOVGRqTUN3dU1Ea3RMakEyTGpFNUxEQXNMakkwWVRZdU9ESXNOaTQ0TWl3d0xEQXNNU3cyTGpjeExERXVNRGtzTVRZdU5EUXNNVFl1TkRRc01Dd3dMREVzTkM0M05DdzFMalEwWXpFdU9UTXNOQzR6TWl3eUxqQTRMREl6TGpJNUxqUXhMREkxTGpjMkxTNHpMalExTFRJdU1UZ3RMalEzTFRRdU56TXRNUzQ1TFRFdU9EVXRNUzR4TkMweUxqWXRNaTQxTkMwekxqVTFMVFV1TXpVc01Dd3dMUzR5TXkwdU16Y3RMak01TFM0ek5pNDJPU3d5TGpjMkxERXVOemNzTmk0MU1TdzRMakE1TERndU9ERkROREV1T0N3MU5TNDNOaXcwTWk0ME5DdzFNQzQyTXl3ME1pNDBOQ3cwTUM0M01WcHRMVGt1T0RJdE1qQXVNUzQ1TGpGVE1qY3VNekVzTVRVdU9USXNNalFzTVRRdU5EaGpMVEl1TURZdExqRXpMVEV1TVRFdU1UWXRNUzR4TVM0eE5rRXpOaXd6Tml3d0xEQXNNU3d6TWk0Mk1pd3lNQzQyTVZwdE9TNHhNeXcwTGpVekxqTTVMamswWVRNMkxqWTJMRE0yTGpZMkxEQXNNQ3d3TEM0ek1TMDJMalV4WXpBdE1pNHlOQzB1TVRFdE5TNDNNaTB1TWkwNExqRTRiQzB1Tmprc01TNDBNVUUxTWk0NE1pdzFNaTQ0TWl3d0xEQXNNU3cwTVM0M05Td3lOUzR4TkZvaUlHWnBiR3c5SW5WeWJDZ2phREV4TmkxbEtTSXZQand2YzNsdFltOXNQanh6ZVcxaWIyd2dhV1E5SW1neE1UWXRZV0lpSUhacFpYZENiM2c5SWpBZ01DQXhNQzQzT0NBeU1TNHpNaUkrUEhCaGRHZ2daRDBpVFRVdU16a3VNMk0wTGpZNUxETXVNVFlzTmk0eE1Td3hNUzR5TWl3MExqVXNNVGN1T0RsQk1pNHpMREl1TXl3d0xEQXNNU3c0TERFM0xqRTBZeTR4T0N3eExqVXpMUzQzTnl3eUxUSXVOVGNzTXk0NE1pMHhMamd0TVM0NE1pMHlMamMxTFRJdU1qa3RNaTQxTnkwekxqZ3lRVEl1TXpFc01pNHpNU3d3TERBc01Td3VPRGdzTVRndU1UbERMUzQzTWl3eE1TNDFNaTQzTERNdU5EWXNOUzR6T1M0eldpSWdabWxzYkQwaWRYSnNLQ05vTVRFMkxXRXBJaUJ6ZEhKdmEyVTlJblZ5YkNnamFERXhOaTFpS1NJZ2MzUnliMnRsTFhkcFpIUm9QU0l3TGpVaUx6NDhMM041YldKdmJENDhjM2x0WW05c0lHbGtQU0pvTVRFMkxXRm5JaUIyYVdWM1FtOTRQU0l3SURBZ01qVXVPRFFnTWpjdU5qa2lQanh3WVhSb0lHUTlJazAxTGpVeUxERTJMamN5UXpjdU1USXNNVEl1T0MweExERXhMakExTGpReExEWXVNVGhUTml3dU1qVXNNVEl1T1RJdU1qVXNNalF1TURjc01TNDBOQ3d5TlM0ME15dzJMakU0Y3kwMkxqY3hMRFl1TmpJdE5TNHhNU3d4TUM0MU5Hd3ROeTQwTERFd0xqVXpURFV1TlRJc01UWXVOeklpSUdacGJHdzlJblZ5YkNnamFERXhOaTFqS1NJZ2MzUnliMnRsUFNKMWNtd29JMmd4TVRZdFpDa2lJSE4wY205clpTMTNhV1IwYUQwaU1DNDFJaTgrUEhCaGRHZ2daRDBpVFRFeUxqa3lMRFp6TFRJdU1qVXNNVE11TURZc01Dd3lNUzR5T0VNeE5TNHhOaXd4T1N3eE1pNDVNaXcyTERFeUxqa3lMRFphSWlCbWFXeHNQU0oxY213b0kyZ3hNVFl0WlNraUx6NDhMM041YldKdmJENDhjM2x0WW05c0lHbGtQU0pvTVRFMkxXRmhJaUIyYVdWM1FtOTRQU0l3SURBZ05Ua3VPVFFnTlRndU56WWlQangxYzJVZ2FHVnBaMmgwUFNJeU1TNHpNaUlnZEhKaGJuTm1iM0p0UFNKMGNtRnVjMnhoZEdVb01qUXVOVGdnTXpjdU5EVXBJaUIzYVdSMGFEMGlNVEF1TnpnaUlIaHNhVzVyT21oeVpXWTlJaU5vTVRFMkxXRmlJaTgrUEhWelpTQm9aV2xuYUhROUlqSXhMak15SWlCMGNtRnVjMlp2Y20wOUltMWhkSEpwZUNndE1DNDRNU3dnTUM0MU9Td2dMVEF1TlRrc0lDMHdMamd4TENBeU9DNHpOQ3dnTVRVdU9EUXBJaUIzYVdSMGFEMGlNVEF1TnpnaUlIaHNhVzVyT21oeVpXWTlJaU5vTVRFMkxXRmlJaTgrUEhWelpTQm9aV2xuYUhROUlqSXhMak15SWlCMGNtRnVjMlp2Y20wOUluUnlZVzV6YkdGMFpTZ3hPQzQyTVNBeU5TNHlPQ2tnY205MFlYUmxLRGN5S1NJZ2QybGtkR2c5SWpFd0xqYzRJaUI0YkdsdWF6cG9jbVZtUFNJamFERXhOaTFoWWlJdlBqeDFjMlVnYUdWcFoyaDBQU0l5TVM0ek1pSWdkSEpoYm5ObWIzSnRQU0p0WVhSeWFYZ29NQzQ0TVN3Z01DNDFPU3dnTUM0MU9Td2dMVEF1T0RFc0lETXhMallzSURFMUxqZzBLU0lnZDJsa2RHZzlJakV3TGpjNElpQjRiR2x1YXpwb2NtVm1QU0lqYURFeE5pMWhZaUl2UGp4MWMyVWdhR1ZwWjJoMFBTSXlNUzR6TWlJZ2RISmhibk5tYjNKdFBTSnRZWFJ5YVhnb0xUQXVNekVzSURBdU9UVXNJREF1T1RVc0lEQXVNekVzSURReExqTXpMQ0F5TlM0eU9Da2lJSGRwWkhSb1BTSXhNQzQzT0NJZ2VHeHBibXM2YUhKbFpqMGlJMmd4TVRZdFlXSWlMejQ4ZFhObElHaGxhV2RvZEQwaU1qY3VOamtpSUhSeVlXNXpabTl5YlQwaWRISmhibk5zWVhSbEtERTNMakExS1NJZ2QybGtkR2c5SWpJMUxqZzBJaUI0YkdsdWF6cG9jbVZtUFNJamFERXhOaTFoWnlJdlBqeDFjMlVnYUdWcFoyaDBQU0l5Tnk0Mk9TSWdkSEpoYm5ObWIzSnRQU0p0WVhSeWFYZ29MVEF1T0RFc0lEQXVOVGtzSUMwd0xqVTVMQ0F0TUM0NE1Td2dOVFl1TkRRc0lEUXhMamN4S1NJZ2QybGtkR2c5SWpJMUxqZzBJaUI0YkdsdWF6cG9jbVZtUFNJamFERXhOaTFoWnlJdlBqeDFjMlVnYUdWcFoyaDBQU0l5Tnk0Mk9TSWdkSEpoYm5ObWIzSnRQU0owY21GdWMyeGhkR1VvTlRFdU9TQTJMalUwS1NCeWIzUmhkR1VvTnpJcElpQjNhV1IwYUQwaU1qVXVPRFFpSUhoc2FXNXJPbWh5WldZOUlpTm9NVEUyTFdGbklpOCtQSFZ6WlNCb1pXbG5hSFE5SWpJM0xqWTVJaUIwY21GdWMyWnZjbTA5SW0xaGRISnBlQ2d3TGpneExDQXdMalU1TENBd0xqVTVMQ0F0TUM0NE1Td2dNeTQxTENBME1TNDNNU2tpSUhkcFpIUm9QU0l5TlM0NE5DSWdlR3hwYm1zNmFISmxaajBpSTJneE1UWXRZV2NpTHo0OGRYTmxJR2hsYVdkb2REMGlNamN1TmpraUlIUnlZVzV6Wm05eWJUMGliV0YwY21sNEtDMHdMak14TENBd0xqazFMQ0F3TGprMUxDQXdMak14TENBNExqQTBMQ0EyTGpVMEtTSWdkMmxrZEdnOUlqSTFMamcwSWlCNGJHbHVhenBvY21WbVBTSWphREV4TmkxaFp5SXZQanh3WVhSb0lHUTlJazB4Tnk0MU5Td3lOQzR5TTJNdE1pNHhNaXd4TGpRNUxTNDVNaXcwTGpjNUxTNHhOQ3czTGpJMmN6RXVOamtzTlM0NE5TdzBMakkyTERVdU56Z3NNUzQwTkMwMExETXVPUzB6TGpjMVl5NDVOU3d5TGpNMExUTXNNaTR6TnkweUxqSTNMRFZ6TkM0eE5Dd3lMak0zTERZdU5qY3NNaTR6Tnl3MUxqazBMakUyTERZdU5qY3RNaTR6TnkwekxqSXlMVEl1TmpNdE1pNHlOeTAxWXpJdU5EWXRMakl4TERFdU1qY3NNeTQyT0N3ekxqa3NNeTQzTlhNekxqUTRMVE11TXpJc05DNHlOaTAxTGpjNExESXROUzQzTnkwdU1UUXROeTR5TmkwekxqUXpMREl1TXpNdE5TNHpMalk0WXk0MU55MHlMalEyTERNdU9DMHVNU3cwTGpZNExUSXVOalZ6TFRJdE5DNDBNaTAwTFRaVE16TXNNVEl1TlRrc016RXNNVFF1TW5NeExqRXNOQzR3TnkweExEVXVNemxqTFRJdU1URXRNUzR6TWl3eExqQTRMVE11TnpRdE1TMDFMak01Y3kwMExqY3hMalU1TFRZdU56VXNNaTR4TVMwMExqa3NNeTQwTnkwMExEWXNOQzR4TVM0eE9TdzBMalkzTERJdU5qVkRNakVzTWpZdU5UWXNNVGt1TnpJc01qSXVOeXd4Tnk0MU5Td3lOQzR5TTFvaUlHWnBiR3c5SW5WeWJDZ2phREV4TmkxbUtTSXZQanh3WVhSb0lHUTlJazB6TUN3ek9TNDBNVk15T0N3ek1pd3pNQ3d5Tnk0eU5VTXpNUzQ1TkN3ek1pd3pNQ3d6T1M0ME1Td3pNQ3d6T1M0ME1WcHRNQzB4TWk0eE5rTXpNeTQ0TXl3ek1DNDFPQ3cwTVM0MU15d3pNU3cwTVM0MU15d3pNVk16TlM0d05Td3lOaTQ0TXl3ek1Dd3lOeTR5TlZwdE1Dd3dZelF1TXpZdE1pNDJOQ3czTGpFMUxUa3VPRE1zTnk0eE5TMDVMamd6VXpNeExqRTBMREl5TGpJNUxETXdMREkzTGpJMVdtMHdMREJqTFRFdU1UY3ROUzAzTGpFMUxUa3VPRE10Tnk0eE5TMDVMamd6VXpJMUxqWXhMREkwTGpZeExETXdMREkzTGpJMVdtMHdMREJETWpRdU9Ea3NNall1T0RNc01UZ3VOREVzTXpFc01UZ3VOREVzTXpGVE1qWXVNVEVzTXpBdU5UZ3NNekFzTWpjdU1qVmFJaUJtYVd4c1BTSjFjbXdvSTJneE1UWXRaU2tpTHo0OGNHRjBhQ0JrUFNKTk16QXNNVGt1TkRsaE1pNHhMREl1TVN3d0xEQXNNU3d6TEM0Mk1XTXhMQzR3Tml3eUxTNHhNaXd5TGpRM0xERXVOallzTVM0ME5DNHpOaXd5TERFdU1UZ3NNUzQyTnl3eUxqUTRZVElzTWl3d0xEQXNNU3d1TmpFc015d3lMakkyTERJdU1qWXNNQ3d3TERFdExqWXhMRE1zTWl3eUxEQXNNQ3d4TFRFdU5qY3NNaTQwT1dNdExqTTVMREV1TlRVdE1TNDBMREV1TmpVdE1pNDBOeXd4TGpZM1lUSXVNek1zTWk0ek15d3dMREFzTVMwekxDNDJNU3d5TGpNc01pNHpMREFzTUN3eExUTXRMall4WXkweExqUXVNamd0TWk0d05pMHVOVFF0TWk0ME5pMHhMalkzWVRJdU1pd3lMaklzTUN3d0xERXRNUzQyTnkweUxqUTVMREl1TWpVc01pNHlOU3d3TERBc01TMHVOakV0TTJNdExqWXpMVEV1TWkwdU56SXRNaTR5T1M0Mk1TMHpMREF0TVM0ME9DNDJMVEl1TWpVc01TNDJOeTB5TGpRNExqUXhMUzQ0T1M0MU55MHhMamc1TERJdU5EY3RNUzQyTm1FeUxqSTNMREl1TWpjc01Dd3dMREVzTXkwdU5qRmFJaUJtYVd4c1BTSjFjbXdvSTJneE1UWXRhQ2tpTHo0OEwzTjViV0p2YkQ0OEwyUmxabk0rUEdjZ1ptbHNkR1Z5UFNKMWNtd29JMmd4TVRZdGJpa2lQangxYzJVZ2FHVnBaMmgwUFNJM05TNHpNU0lnZEhKaGJuTm1iM0p0UFNKMGNtRnVjMnhoZEdVb05qY3VNRElnTVRFeUxqUXpLU0lnZDJsa2RHZzlJalF6TGpNMUlpQjRiR2x1YXpwb2NtVm1QU0lqYURFeE5pMXZJaTgrUEhWelpTQm9aV2xuYUhROUlqYzFMak14SWlCMGNtRnVjMlp2Y20wOUltMWhkSEpwZUNndE1Td2dNQ3dnTUN3Z01Td2dNVFV5TGprNExDQXhNVEl1TkRNcElpQjNhV1IwYUQwaU5ETXVNelVpSUhoc2FXNXJPbWh5WldZOUlpTm9NVEUyTFc4aUx6NDhkWE5sSUdobGFXZG9kRDBpTlRndU56WWlJSFJ5WVc1elptOXliVDBpZEhKaGJuTnNZWFJsS0RnMUxqRTNJRGd4TGpBNUtTQnpZMkZzWlNnd0xqZ3pLU0lnZDJsa2RHZzlJalU1TGprMElpQjRiR2x1YXpwb2NtVm1QU0lqYURFeE5pMWhZU0l2UGp3dlp6NDhMM04yWno0OGMzWm5JSGh0Ykc1elBTSm9kSFJ3T2k4dmQzZDNMbmN6TG05eVp5OHlNREF3TDNOMlp5SWdlRzFzYm5NNmVHeHBibXM5SW1oMGRIQTZMeTkzZDNjdWR6TXViM0puTHpFNU9Ua3ZlR3hwYm1zaUlIWnBaWGRDYjNnOUlqQWdNQ0F5TWpBZ01qWTBJajQ4WkdWbWN6NDhiR2x1WldGeVIzSmhaR2xsYm5RZ2FXUTlJbVp5TkMxaElpQjRNVDBpTUNJZ2VESTlJakVpSUhreFBTSXdJaUI1TWowaU1DSStQSE4wYjNBZ2IyWm1jMlYwUFNJd0lpQnpkRzl3TFdOdmJHOXlQU0lqWm1abUlpOCtQSE4wYjNBZ2IyWm1jMlYwUFNJeElpQnpkRzl3TFdOdmJHOXlQU0lqTkdJMFlqUmlJaTgrUEM5c2FXNWxZWEpIY21Ga2FXVnVkRDQ4YkdsdVpXRnlSM0poWkdsbGJuUWdhV1E5SW1aeU5DMWlJaUI0TVQwaU1DSWdlREk5SWpFaUlIaHNhVzVyT21oeVpXWTlJaU5tY2pRdFlTSWdlVEU5SWpBaUlIa3lQU0l5SWk4K1BHeHBibVZoY2tkeVlXUnBaVzUwSUdsa1BTSm1jalF0WXlJZ2VERTlJakFpSUhneVBTSXdJaUI0YkdsdWF6cG9jbVZtUFNJalpuSTBMV0VpSUhreFBTSXVOelVpSUhreVBTSXdJaTgrUEd4cGJtVmhja2R5WVdScFpXNTBJR2xrUFNKbWNqUXRaQ0lnZURFOUlqQWlJSGd5UFNJd0lpQjRiR2x1YXpwb2NtVm1QU0lqWm5JMExXRWlJSGt4UFNJd0lpQjVNajBpTVM0MUlpOCtQR3hwYm1WaGNrZHlZV1JwWlc1MElHbGtQU0ptY2pRdFpTSWdlREU5SWpBaUlIZ3lQU0l3SWlCNGJHbHVhenBvY21WbVBTSWpabkkwTFdFaUlIa3hQU0l4SWlCNU1qMGlNQ0l2UGp4c2FXNWxZWEpIY21Ga2FXVnVkQ0JwWkQwaVpuSTBMV2NpSUhneFBTSXdJaUI0TWowaU1DSWdlR3hwYm1zNmFISmxaajBpSTJaeU5DMWhJaUI1TVQwaU1TSWdlVEk5SWpBaUx6NDhiR2x1WldGeVIzSmhaR2xsYm5RZ2FXUTlJbVp5TkMxbUlpQjRNVDBpTGpNMUlpQjRNajBpTGpZaUlIaHNhVzVyT21oeVpXWTlJaU5tY2pRdFlTSWdlVEU5SWk0eUlpQjVNajBpTGpjaUx6NDhiR2x1WldGeVIzSmhaR2xsYm5RZ2FXUTlJbVp5TkMxb0lpQjRNVDBpTVNJZ2VESTlJakFpSUhoc2FXNXJPbWh5WldZOUlpTm1jalF0WVNJZ2VURTlJakFpSUhreVBTSXdJaTgrUEd4cGJtVmhja2R5WVdScFpXNTBJR2xrUFNKbWNqUXRhaUlnZURFOUlqQWlJSGd5UFNJd0lpQjRiR2x1YXpwb2NtVm1QU0lqWm5JMExXRWlJSGt4UFNJd0lpQjVNajBpTWlJdlBqeHNhVzVsWVhKSGNtRmthV1Z1ZENCcFpEMGlabkkwTFdraUlIZ3hQU0l3SWlCNE1qMGlNU0lnZVRFOUlqQWlJSGt5UFNJd0lqNDhjM1J2Y0NCdlptWnpaWFE5SWpBaUx6NDhjM1J2Y0NCdlptWnpaWFE5SWk0MUlpQnpkRzl3TFdOdmJHOXlQU0lqWm1abUlpOCtQSE4wYjNBZ2IyWm1jMlYwUFNJeElpOCtQQzlzYVc1bFlYSkhjbUZrYVdWdWRENDhiR2x1WldGeVIzSmhaR2xsYm5RZ1ozSmhaR2xsYm5SVmJtbDBjejBpZFhObGNsTndZV05sVDI1VmMyVWlJR2xrUFNKbWNqUXRheUlnZURFOUlqRXhNQ0lnZURJOUlqRXhNQ0lnZVRFOUlqSXlNUzQwTkNJZ2VUSTlJalE1TGpneklqNDhjM1J2Y0NCdlptWnpaWFE5SWpBaUlITjBiM0F0WTI5c2IzSTlJaU5tWm1ZaUx6NDhjM1J2Y0NCdlptWnpaWFE5SWk0MUlpQnpkRzl3TFdOdmJHOXlQU0puY21GNUlpOCtQSE4wYjNBZ2IyWm1jMlYwUFNJeElpQnpkRzl3TFdOdmJHOXlQU0lqWm1abUlpOCtQQzlzYVc1bFlYSkhjbUZrYVdWdWRENDhiR2x1WldGeVIzSmhaR2xsYm5RZ1ozSmhaR2xsYm5SVmJtbDBjejBpZFhObGNsTndZV05sVDI1VmMyVWlJR2xrUFNKbWNqUXRiU0lnZURFOUlqRXhNQ0lnZURJOUlqRXhNQ0lnZVRFOUlqRTVPUzR3TVNJZ2VUSTlJalk1TGprMklqNDhjM1J2Y0NCdlptWnpaWFE5SWpBaUlITjBiM0F0WTI5c2IzSTlJaU5tWm1ZaUx6NDhjM1J2Y0NCdlptWnpaWFE5SWk0MUlpQnpkRzl3TFdOdmJHOXlQU0lqTkdJMFlqUmlJaTgrUEhOMGIzQWdiMlptYzJWMFBTSXhJaUJ6ZEc5d0xXTnZiRzl5UFNJalptWm1JaTgrUEM5c2FXNWxZWEpIY21Ga2FXVnVkRDQ4YkdsdVpXRnlSM0poWkdsbGJuUWdaM0poWkdsbGJuUlZibWwwY3owaWRYTmxjbE53WVdObFQyNVZjMlVpSUdsa1BTSm1jalF0YmlJZ2VERTlJalU0SWlCNE1qMGlNVFl5SWlCNU1UMGlOekV1TURFaUlIa3lQU0kzTVM0d01TSStQSE4wYjNBZ2IyWm1jMlYwUFNJd0lpQnpkRzl3TFdOdmJHOXlQU0lqTkdJMFlqUmlJaTgrUEhOMGIzQWdiMlptYzJWMFBTSXVOU0lnYzNSdmNDMWpiMnh2Y2owaUkyWm1aaUl2UGp4emRHOXdJRzltWm5ObGREMGlNU0lnYzNSdmNDMWpiMnh2Y2owaUl6UmlOR0kwWWlJdlBqd3ZiR2x1WldGeVIzSmhaR2xsYm5RK1BITjViV0p2YkNCcFpEMGlabkkwTFd3aUlIWnBaWGRDYjNnOUlqQWdNQ0F4TURBdU1EUWdNalF5TGpBeElqNDhjR0YwYUNCa1BTSnROelV1TXpNZ05URXVORFF0TXk0MU9TQXhNQzR5TnkweE1pNDFJRGN1TVRRdU56Z3RNeTQ1TTFwdExUVXVNemdnTVRZdU1ERXRNVEV1T0RNZ09DNDFPQzB1TmlBMUxqVXlJRGt1TmpVdE15NDVXazAyTmk0ek1TQTRNUzR6YkMwNUxqRTRJRFV1TkRZdExqSTFJRFV1TURZZ055NDBNeTB1TlRSYWJTMHlMalFnTVRJdU5EUXROeTR4TmlBekxqWTRMUzR3TVNBMUxqWXpJRFV1T1RNdU5ETmFiUzB4TGpRZ01URXVOVGN0TlM0M0lESXVOVFl1TWlBMkxqSXhJRFV1TURJdU9GcHRMUzQwT0NBeE1TNHhNaTAwTGpnZ01pNDJNeTR5T0NBMUxqQXhJRFF1T0RVZ01TNDRObHB0TGpRM0lERXhMakV0TkM0Mk5pQXhMalU0TGpJMklEVXVNellnTlM0M0lESXVOak5hYlRFdU55QXhNUzQyTFRZdU1EWXVOVE10TGpJZ05TNHdNaUE0TGpnM0lEUXVNemhhYlMwMkxqZzFJREV4TGpFdExqYzBJRFF1TWpNZ01UWXVOaklnT1M0ek9DMDFMakkzTFRFeExqUTVXbTB0TWk0eklEa3VPVFl0TVM0M0lEUXVNallnTWpZdU5EZ2dNVGN1T1RRZ05pNHdPQzB4TGpGYWJUY3VORE10TVRBMUxqWWdNVFl1TnpRdE1UTXVNRElnTkM0eU9DMDVMamd0TWpBdU1ESWdNVGd1T1RoYUlpQm1hV3hzUFNKMWNtd29JMlp5TkMxaEtTSXZQanh3WVhSb0lHUTlJbTAyT0M0eE9TQXhPRFV1TlMwM0xqUTFJREl1TmpRdE1UTXVOalV0TVRRdU1UZ2dNaTR5TkMweUxqYzFXazAwTVM0NE15QXhOemxzTFRNdU9USWdNaTQ1T0NBNExqSXpJREV5TGprMUlEY3VOaTB6TGpneVdtMHRPUzR4SURZdU5DMDBMallnTWk0NE1TQTFMamMwSURFMExqUTNJRGN1TWkwMExqaGFiUzA1TGpVMUlEVXVOell0TlM0d01pQXpMakE1VERJeUxqY2dNakV5YkRZdU5EZ3ROUzQzTWxwdExURXdMakk1SURZdU5UZ3RNeTR4SURJdU1qSWdNUzQzTkNBeU5DNDNNeUExTGpNMkxUWXVOak5hSWlCbWFXeHNQU0oxY213b0kyWnlOQzFpS1NJdlBqeHdZWFJvSUdROUltMHhNeTQyT0NBeE5TNHpJRFV1TVRjZ01pNDVOa3d4TVM0NUlEUXlMak1nT1M0ek15QTBNbHB0T1M0ek5TQXlPQzQ1TmlBeE1DNDFMVEl4TGpRekxUVXVOVFV0TVM0eE9DMDNMalVnTWpJdU1UZGFiVGN1T1NBeExqTTBJRE11TXpVdU5UY2dNVFF1TXpFdE1qSXVOemd0TlM0Mk5DNHlXbTB4TUM0eE9TQXhMamN6SURRdU1qTXVOeklnTWpBdU9UY3RNamd1TXpNdE5TNHhOU0F4TGpVeldtMHhOUzQwT0NBeUxqWTBJRE0yTGpnNExUTTRMakk1VERFd01DNHdOQ0F3SURVeExqYzRJRFE1TGpFMVdpSWdabWxzYkQwaWRYSnNLQ05tY2pRdFl5a2lMejQ4Y0dGMGFDQmtQU0p0TVRFdU5USWdOREl1TWpZZ055NHpNeTB5TkMwekxqUTRJREkwTGpReUxUTXVPVGdnTVRRdU9EUmFUVEFnTkRBdU16UWdNUzR5TmlBeUxqVTNiRE11TURJZ016Z3VNakl0TVM0d05pQXhOaTQzTTFwdE1qQXVORGdnTVRjdU1UZ2dOUzQzTnkweE15QTNMakkzTFRJeExqZE1Nakl1TmpVZ05EUXVNbHB0T1M0M0lEQWdOaTQ0TVMweE1TNHhOaUF4TVM0MkxUSXlMamszTFRFMExqZ3lJREl5TGpkYWJURXdMakkxSURBZ055NHlMVGt1TXpZZ01UZ3VOQzB5T0MweU1TNHpNU0F5Tnk0M09WcHRPUzQxTmlBd0lEZ3VOeTAzTGpRM0lETTBMamM1TFRNNExqTTNMVE0zTGpZZ016Z3VNVFphSWlCbWFXeHNQU0oxY213b0kyWnlOQzFrS1NJdlBqeHdZWFJvSUdROUlrMDBPUzR6TnlBME9DNDBOaUF4TURBdU1EUWdNQ0ExTWk0MUlEUTVMakkzYkMwNUxqVTJJRGd1TWpWYWJTMHhOaTQ0TVNBNUxqQTJJRGt1TWkweE1DNHdPQ0F4T1M0ME1TMHlOaTR5TFRJeUxqUXlJREkxTGpReFdtMHRPUzQ0SURBZ09DNDJOeTB4TVM0NE15QXhNUzQxTWkweU1pNHhMVEUwTGpreUlESXhMakkwV20wdE9TNHlJREFnTnk0ekxURXpMall6SURjdU1USXRNakl1TWpSTU1UY3VNaUEwTWk0NU9WcHRMVGd1TXpjZ01FdzVMamNnTkRJdU1ETnNNeTQ1TnkweU5pNDNNeTAzTGpReUlESTFMamd6V2lJZ1ptbHNiRDBpZFhKc0tDTm1jalF0WlNraUx6NDhjR0YwYUNCa1BTSnRORFF1TkRZZ01UWTFMalEzSURZdU56Y2dNaTQySURFMkxqazJJREUzTGpRekxURTVMakl0TVRNdU9EaGFiUzB1TlRjZ01URXVORE10TlM0MU5DMHpMalUwSURJdU9Ea2dOaTR4SURFeUxqVWdNVEV1TmpWYWJTMHhNeTR5TmlBekxqSTRJRFF1TURrZ015NDJOeUEyTGpNMElERTBMakF5TFRrdU1ESXRNVEl1TURWYWJTMDRMamNnTlM0eE55QXpMakl6SURRdU16VWdOQzR3TWlBeE5pNDFPQzAyTGpjMUxURTBMalkyV20wdE9TNDROaUF6TGpVMElETXVOVE1nTmk0M05TQXhMakk1SURJeUxqUXlMVFF1TkRjdE1Ua3VPVGxhYlMwMkxqY3lJREUwTGpJMlRETXVORGNnTVRrd0xqTXVNRElnTWpBNUxqazFiREV1TWlBek1pNHdOMW9pSUdacGJHdzlJblZ5YkNnalpuSTBMV1lwSWk4K1BIQmhkR2dnWkQwaWJUUXdMalk1SURFM01DNDNJRFl1TnpRZ01pNDROU0F4TXk0ek1TQXhOQzQyTFRFMUxqZ3RNVEl1TWpWYWJTMDNMakU0SURjdU1qUWdNUzQ1T0NBMUxqUWdNVEF1TmpVZ01URXVOVGt0Tnk0Mk5DMHhNeTQwV20wdE9DNDBJRFV1TnpnZ015NDNNU0EwTGpBM0lEVXVNRFVnTVRRdU9Ea3RPQzR6TFRFekxqSXlXbTB0TVRBdU1EZ2dOQzR6TkNBekxqZzVJRFV1TnpOTU1qSXVOeUF5TVRKc0xUWXVOVFl0TVRZdU56SmFiUzA0TGpFeklERXVPRGRNTnlBeU1ERXVPR3cwTGpVeUlESXlMamc0TFRFdU1qZ3RNalV1TURaYUlpQm1hV3hzUFNKMWNtd29JMlp5TkMxbktTSXZQanh3WVhSb0lHUTlJbTAxTXk0eE5DQTFOeTQxTWlBM0xqSTJMVGN1TVRnZ01qTXVNUzB4T0M0MU9DMHlNQzR4TnlBeE9TNDFObHB0Tmk0M05pQTNMams1SURFMUxqUXpMVEUwTGpBM0xURTBMalUzSURrdU9EUk1OVE1nTmpjdU9GcHRMVEV1T0RjZ01URXVNelVnTVRFdU9USXRPUzQwTFRFeExqVTBJRFl1TWpaTU5UTWdOemd1TURaYVRUVTNMakVnT0RjdU5XdzVMakl5TFRZdU1qSXRPUzR3T0NBekxqWTRMVFF1TWpVZ015NDBObHB0TFRRdU1UTWdNVEF1T1NBekxqZ3lMVEl1T0NBM0xqRXlMVEV1T0RndE55NHhOU0EwTGpVeVdtMHRMakF4SURFd0xqQTRJRE11T0RRdE1pNDFNaUExTGpjeUxTNDJOeTAxTGpZM0lETXVOVnB0TFM0d01TQXhNQzQxT1NBMExqRTRMVEl1T0RNZ05DNDVMakUzTFRRdU56VWdNeTR6T1ZwdExTNHdNU0E1TGpFZ05DNDNOUzB4TGpZZ05DNDRNaTQ1TXkwMExqWXlJREl1TkZwdExTNHdNeUE0TGprMUlEVXVNalF0TGpFNUlEWXVNRFlnTWk0eE9DMDJMakVnTVM0eU9GcHRMUzQ1T0NBNUxqWTRJRFV1TnprdU1EY2dNVEF1TWpVZ05TNDBOaTB4TUM0M01pMHhMalE1V20wekxqWTRJREV4TGpJMUxUWXVNRGN0TWk0M01pQTFMakkySURVdU5EZ2dNekV1TVNBeU1DNDBPVm9pSUdacGJHdzlJblZ5YkNnalpuSTBMV0VwSWk4K1BIQmhkR2dnWkQwaVRUYzVMakl5SURReExqVTJJRFl4TGpRZ05UZ3VOaklnTlRNZ05qUXVNalFnTmpJdU5qUWdOVFJhVFRVeklEY3pMall5YkRVdU5qSXRNUzR6SURFekxqRXlMVEV3TGpZdE1USXVNemdnTmk0MU5GcHROQzR5T1NBeE1DNDFOUzAwTGpNdU1ETWdOQzQyTWkwekxqUTRJRGt1TlRZdE15NHdObHB0TFM0MUlERXdMamtnTnk0MU1pMHpMamd0Tnk0MExTNHlNaTB6TGprMElESXVOVnB0TUNBeE1DNDBOeUExTGpnNExUSXVNRGN0TlM0NU15MHhMakkzTFRNdU56Z2dNUzQzTTFwdExqTWdNVEF1TXlBMExqazBMUzQ1TnkwMUxqQTFMVEV1TnpNdE5DNHdOQ0F4TGpReldtMHVOVFlnTVRBdU1qY2dOQzQzTVMwdU1pMDBMamt0TWk0MkxUUXVOVE11T0RKYWJTNDBPU0F4TUM0ek1pQTFMalkyTGpZMkxUVXVOelF0TXk0ME15MDFMakUwTGpVMFdtMHRMalFnTVRBdU1USWdPUzR3TnlBeUxqVXRPQzQ0TkMwMUxqRXpMVFV1TlRrdU1WcHRMVEV1TnpZZ01UQXVNVFlnTVRjdU1qVWdOeTR4TWkweE5pNDFNUzB4TUM0d01pMDJMak10TVM0d05GcHRNak11T0RVZ01qVXVOamN0TWpjdU9DMHhOUzQyT1MwMUxqVXlMVFF1TmprZ055NHdPU0F4TGpoYUlpQm1hV3hzUFNKMWNtd29JMlp5TkMxb0tTSXZQand2YzNsdFltOXNQand2WkdWbWN6NDhjR0YwYUNCa1BTSnRNVFkyTGpZNUlERTNNQzQxTkMwdU9UVXRNUzQzTkNBeE9DNDFPQ0ExTGpVeUxURTNMamMzTFRFMUxqWWdNVEV1TXpNdU9ERk1NVFk0SURFME9DNDNiRFl1T0RndE1TNHhNaTAzTGpnNExUa3VNVFFnTmk0MUxUSXROaTR3TnkwNExqRXpJRFV1TnpRdE1pNDVNaTAyTGpRM0xUWXVPVFVnTnk0eE1TMDBMalEwTFRjdU9DMDFMall5SURndU9Ea3ROaTR6T0MwNUxUTXVOalVnTVRJdU16a3RNVEF1TWkweE1TNDJNUzB1T0RnZ01UWXVNVFV0TVRVdU1EY3RNVE11TWpVZ01rd3hPVEF1TXlBMU1td3RNakV1TmprZ01USXVNeklnTXpVdU9UVXROREl1TVRVdE5EVXVPRFlnTXprdU5EZ2dNVGd1Tnkwek1TNDBOQzB6TUM0ek15QXpNaTQyTXlBeE1pNDJMVEk1VERFek55NHpOQ0EyTUd3M0xqSTNMVEkyTGpjeExURTNMakUxSURJekxqZzNJREl1TkRndE1qZ3VOREpNTVRFM0xqRTBJRFUyYkMwMExqZ3ROREF1T0Rsb0xUUXVOamxNTVRBeUxqZzJJRFUyYkMweE1pNDRMVEkzTGpJMklESXVORGtnTWpndU5ESXRNVGN1TVRZdE1qTXVPRFZNT0RJdU5qY2dOakFnTmpBdU16RWdNek11T0Rkc01USXVOaUF5T1Mwek1DNHpOQzB6TWk0Mk5pQXhPQzQzSURNeExqUTBMVFExTGpnMExUTTVMalE0SURNMUxqazBJRFF5TGpFMVRESTVMalk0SURVeWJESXdMamN6SURJeUxqSXRNVE11TWpRdE1pQXhOaTR4T0NBeE5TNHdOeTB4TVM0MkxqZzRJREV5TGpNNUlERXdMakl0T1NBekxqWTFJRGd1T0RZZ05pNHpOQzAzTGpjM0lEVXVOallnTnk0eE1pQTBMalEwTFRZdU5EZ2dOaTQ1TlNBMUxqYzFJREl1T1RJdE5pNHdOeUE0TGpFeklEWXVOU0F5TFRjdU9UTWdPUzR4TkV3MU1pQXhORGd1TjJ3dE9TNDRPU0F4TUM0NE15QXhNUzR6TkMwdU9ERXRNVGN1TnpjZ01UVXVOaUF4T0M0MU9DMDFMalV5TFM0NU5TQXhMamMwTFRJMExqSXpJREl5TGpNeklESTVMakEyTFRFMExURXdJREU1TGpjNUlERTNMalUzTFRFeExqQTVMVE1nTVRjdU9EY2dNVEl1TXprdE1UQXVPRGQyTVRndU5tdzVMakkyTFRFeUlERXVPVEVnTWpFdU1qa2dOeTQwTWkweE5DNDRJRE11TnpRZ01qY3VORGdnTmk0NE9DMHlNeTQyTkdneE1TNDBNbXcyTGpnNElESXpMalkwSURNdU56UXRNamN1TkRnZ055NDBNaUF4TkM0NElERXVPVEV0TWpFdU1qa2dPUzR5TmlBeE1uWXRNVGd1Tm13eE1pNHpNaUF4TUM0NE5DMHpMVEUzTGpnM0lERTNMalUzSURFeExqQTVMVEV3TFRFNUxqYzVJREk1TGpBMklERTBXazB4TmpFZ01UUTNMakF4WVRVeExqQTJJRFV4TGpBMklEQWdNQ0F4TFRVeElEVXhZeTB5T0M0eE1pQXdMVFV4TFRJeUxqZzRMVFV4TFRVeVZqY3phREV3TWxvaUx6NDhjR0YwYUNCa1BTSnRNakV4TGpFeklERXdMalE1TFRRNUxqZzFJRFE0TGpZdE15NDBMUzQxT0NBeE9TNDFNeTB5T0M0ekxUVXVNVFlnTVM0MU1pMHlNUzQxT0NBeU5TNDFOUzB6TGpReUxTNDFPQ0F4TWk0ME15MHlNaTQ0TXkwMUxqWTBMakl5VERFME1DQTFOUzQwTm13dE15NDBPQzB1TlRrZ09DNHhNaTB5TVM0MU5pMDFMalUxTFRFdU1UY3RPUzQ0T1NBeU1TNDBPUzB6TGpZeUxTNDJNeUEwTGpNMkxUSTBMakkzTFRVdU1UZ3RNaTQ1TlMwMkxqUTRJREkyTFRNdU9EVXRMalkxTFRJdU1Ea3RNemd1TURab0xUUXVOamhzTFRJdU1Ea2dNemd1TURZdE15NDROUzQyTlMwMkxqUTRMVEkyTFRVdU1UZ2dNaTQ1TlV3NU5DNDBNaUExTTJ3dE15NDFPUzQyTWkwNUxqZzVMVEl4TGpRNExUVXVOVFVnTVM0eE55QTRMakV5SURJeExqVTJMVE11TlRFdU5Ua3RNVFF0TWpFdU16Y3ROUzQyTkMwdU1qSk1Oekl1TnpVZ05UWXVOMnd0TXk0ME1pNDFPQzB5TVM0MU9DMHlOUzQxTlMwMUxqRTJMVEV1TlRJZ01Ua3VOVE1nTWpndU15MHpMalF1TlRndE5Ea3VPRFV0TkRndU5pQTJMalUySURFeExqWTRURFV4SURZd0xqUnNMVE11TXk0MkxUSXlMakk0TFRFNExqYzJUREk1TGpZNUlEVXliREUzTGpVeklERTFMamdnTVM0eU15QTFMakl0TVRRdU9EWXRNVEV1TURjZ015NDFPQ0F4TUM0eU55QXhNeUF4TUNBdU5ERWdNaTQzVERNNUlEYzNMamswYkRJdU56a2dNVEF1TWpFZ09TNDROU0EyTGpFeUxqRXhJREV1TlRZdE9TNHhMVFF1TURZZ01pQXhNQ0EzTGpVeElETXVOVFYyTVV3ME5TQXhNRFF1TWpGc01TNHlOQ0E1TGpjNUlEVXVPU0F4TGpnMmRpNDROV3d0TlM0M01pMHVPRGd1TkRnZ09TNDFOaUEwTGprMExqYzRkaTQ0TVdndE5DNDViQzB1TXpRZ09TNDBPV2cwTGpjeWJDMHVNRFV1T1RJdE5DNDRMamN4TFRFdU15QTVMalU0SURVdU5qWXRMamwyTVd3dE5pNHdOaUF4TGprMExUSXVOakVnT1M0NU1pQTVMVEl1TmpVdU1EWXVOalF0TVRBdU1qSWdOUzR5TFRVdU1qZ2dNVEV1TkRrZ01UY3VNRGN0Tnk0M055NDNOQ0F5TGpZMFRESXpJREU1TVM0M09HdzJMakE0SURFdU1Ea2dNamN1TkRJdE1UWXVNelVnTVM0MU55QXlMamRNTkRBdU56SWdNVGsyYkRjdU5EVWdNaTQyTkNBeE5TNHpMVEV5TGpjeUlESXVNRFlnTWkweE1DNHpOaUF4TXk0Mk55QTNMallnTXk0NE1pQXhNQzR5T1MweE1TNDRNaUF4TGpVZ01TMDJMamN4SURFekxqYzVJRGN1TWlBMExqZ3hJRGd1TVMweE15NHpOQzQ0TGpRNExUUXVNakVnTVRZdU5EWWdOaTQwT0NBMUxqY3lJRFl1TXkweE5pNDRPU0F4SUM0Mk9VdzVNaUF5TWpndU5UVnNOUzR6TlNBMkxqWXlJRE11TnpNdE1qTXVOVEVnTXk0eU5DQXlMall4SURNdU16UWdNemd1TWpOb05DNDJNbXd6TGpNMExUTTRMakl6SURNdU1qUXRNaTQyTVNBekxqY3pJREl6TGpVeElEVXVNelV0Tmk0Mk1pMHhMalUwTFRJeUxqSTJJREV0TGpZNUlEWXVNeUF4Tmk0NE9TQTJMalE0TFRVdU56SXROQzR5TVMweE5pNDBOaTQ0TFM0ME9DQTRMakVnTVRNdU16UWdOeTR5TFRRdU9ERXROaTQzTVMweE15NDNPU0F4TGpVdE1TQXhNQzR5T1NBeE1TNDRNaUEzTGpZdE15NDRNaTB4TUM0ek5pMHhNeTQzTXlBeUxqQTJMVElnTVRVdU15QXhNaTQzTWlBM0xqUTFMVEl1TmpRdE1UY3VNelV0TVRZdU56Y2dNUzQxTnkweUxqY2dNamN1TkRJZ01UWXVNelVnTmk0d09DMHhMakE1TFRNd0xqUTVMVEl5TGpVNUxqYzBMVEl1TmpRZ01UY3VNRGNnTnk0M055MDFMakkwTFRFeExqUXlMVEV3TGpJMkxUVXVNekV1TURZdExqWTBJRGtnTWk0Mk5TMHlMall4TFRrdU9USXROaTR3TmkweExqazBkaTB4YkRVdU5qWXVPUzB4TGpNdE9TNDFPQzAwTGpndExqY3hMUzR3TlMwdU9USm9OQzQzTW13dExqTTBMVGt1TkRsb0xUUXVPWFl0TGpneGJEUXVPVFF0TGpjNExqUTRMVGt1TlRZdE5TNDNNaTQ0T0hZdExqZzFiRFV1T1MweExqZzJJREV1TWpNdE9TNDNOUzAzTGpFeklESXVNVFIyTFRGc055NDFNUzB6TGpVMUlESXRNVEF0T1M0eElEUXVNRFl1TVRFdE1TNDFOaUE1TGpnMUxUWXVNVEpNTVRneElEYzNMamswYkMweE1TNDJJRFl1T1RJdU5ERXRNaTQzSURFekxURXdJRE11TlRndE1UQXVNamRNTVRjeExqVTFJRGN6YkRFdU1qTXROUzR4T1V3eE9UQXVNekVnTlRKc05DNHlOeTA1TGpoTU1UY3lMak1nTmpGc0xUTXVNeTB1TmlBek5TNDJNUzB6T0M0eU0xcE5NVFl3SURFME4yRTFNQ0ExTUNBd0lEQWdNUzAxTUNBMU1DQTFNQ0ExTUNBd0lEQWdNUzAxTUMwMU1GWTNNbWd4TURCYUlpQm1hV3hzUFNKMWNtd29JMlp5TkMxcEtTSXZQanh3WVhSb0lHUTlJbTB4TURndU16SWdOVEF1T0RNdExqWTJMVE0zTGpjNGFEUXVOamhzTFM0Mk5pQXpOeTQzT0dndE15NHpObm9pSUdacGJHdzlJblZ5YkNnalpuSTBMV01wSWk4K1BIQmhkR2dnWkQwaVRURXhNUzR4SURJeU1DNDBOR2d0TWk0eWJDMHhMakl4SURNeUxqQTJhRFF1TmpKc0xURXVNakV0TXpJdU1EWjZJaUJtYVd4c1BTSjFjbXdvSTJaeU5DMXFLU0l2UGp4d1lYUm9JR1E5SW0weE56UXVNRFlnTmpRdU9EZ2dNUzR3T0MwMExqRTJMVEV3TGpreUlEY3VNamxvTFRNdU1UUnNOeTQ0TFRndU5USXROUzR5TWkwdU9Ea3RPUzQyTkNBNUxqUm9MVEl1Tld3MkxqRXRNVEF1TkRNdE5DNDJMUzQzT0MwNUxqTTRJREV4TGpJeWFDMHlMak00YkRRdU9ETXRNVEl1TkRFdE15NDJNaTB1TmpJdE9DNDJNeUF4TXk0d00yZ3RNaTR5TjJ3ekxURTBMak15TFRJdU56WXRMalEzTFRjdU1UWWdNVFF1Tnpsb0xUSXVNVGRzTGprMUxURTJMakk0TFRJdU56Z3RMak0wTFRRdU16Z2dNVFl1TmpKb0xURXVPVFpzTFRJdU5qTXRNVGd1TVRob0xUTXVNelpNTVRBMUxqY2dOamhvTFRFdU9UWnNMVFF1TXpndE1UWXVOakl0TWk0M09DNHpOQzQ1TlNBeE5pNHlPR2d0TWk0eE4wdzRPQzR5SURVekxqSXliQzB5TGpjMkxqUTNJRE1nTVRRdU16Sm9MVEl1TWpoc0xUZ3VOak10TVRNdU1ETXRNeTQyTWk0Mk1rdzNPQzQzTkNBMk9HZ3RNaTR6T0d3dE9TNHpPUzB4TVM0eUxUUXVOVGd1TnpjZ05pNHhJREV3TGpRMGFDMHlMalV4YkMwNUxqWTBMVGt1TkMwMUxqSXlMamc0SURjdU9DQTRMalV5YUMwekxqRTBiQzB4TUM0NU1pMDNMakk1SURFdU1EZ2dOQzR4TmlBNUxqazNJRGt1T0RWMk15NDFObXd0Tnk0M05DMHlMamd1T0RRZ05DNHlOU0EyTGprZ05DNHpOaTR3TVNBMExqUTFMVFV1T0RVdE1pNHdNaTQyTmlBMUxqazRJRFV1TWlBeUxqRTNkalF1TWpOc0xUVXVNUzB5TGpJdU5USWdOaTR3TXlBMExqWWdNUzR5T1hZMExqZzNiQzAwTGpRNExURWdMakF4SURZdU1TQTBMalE0TGpReGRqUXVOVGRzTFRRdU5UVXRMalkwTFM0eUlEWXVOekpvTkM0M05uWTBMalZzTFRRdU9UY3VNREl0TGpNZ05TNDBNaUExTGpJNExTNHpPQzR3TVNBMExqQTFMVFV1Tmk0NU5DMHVNamdnTlM0NElEVXVPRGt0TGpjeVZqRTBOMnd1TURJdU5pMDFMamsxSURJdU5UWXVNaklnTlM0ME5DQTJMakkwTFRFdU1TNDBOeUF5TGpjNUxUWXVNVFlnTXk0ME55NDRJRFF1TlRnZ05pNDROaTB5TGpFdU9Ea2dNaTQxTnkwMkxqSXlJRFV1TURoTU5UVWdNVGMxTGpWc055NDBMVE11TURJZ01pNHdOU0F6TGpRM0xUY3VOeklnTlM0M05DQTBMalkwSURNdU1pQTJMamcyTFRNdU56RWdNaTR6TkNBeUxqWTFMVFF1TlRZZ05TNDFPU0EwTGpNNUlETXVPU0ExTFRRdU9TQXlMamc0SURJdU1qUXRNeTR5T0NBMkxqRWdOUzQxTnlBekxqY3lJRE11TWpRdE5pNHlPQ0F6TGpFM0lERXVOak10TWk0ME5TQTJMalk0SURZdU1ESWdNeTQzTVNBekxqTXpMVGN1TmpnZ01pNDVOeTQ0TXkweExqTWdNVEF1TWpjZ015NHpOaUF5TGpRZ015NHhMVEV4TGpZMElETXVORE11TkNBeUxqZzJJREl3TGpZemFETXVOR3d5TGpnMkxUSXdMalkwSURNdU5ESXRMak01SURNdU1URWdNVEV1TmpRZ015NHpOeTB5TGpRdE1TNHpMVEV3TGpJM0lESXVPVFl0TGpneklETXVNek1nTnk0Mk9DQTJMakF5TFRNdU55MHlMalExTFRZdU5qa2dNeTR4TnkweExqWXpJRE11TWpRZ05pNHlPQ0ExTGpVNExUTXVOekl0TXk0eU9TMDJMakVnTWk0NE9DMHlMakkwSURVZ05DNDVJRFF1TXprdE15NDVMVFF1TlRZdE5TNDFPU0F5TGpNMExUSXVOalVnTmk0NE5pQXpMamN5SURRdU5qUXRNeTR5TVMwM0xqY3lMVFV1TnpRZ01pNHdOQzB6TGpRM0lEY3VOQ0F6TGpBeUlERXVPRFF0TkM0MkxUWXVNakl0TlM0d09TNDRPUzB5TGpVMklEWXVPRFlnTWk0d09TNDRMVFF1TlRndE5pNHhOaTB6TGpRM0xqUTNMVEl1T0NBMkxqSTBJREV1TVM0eU1pMDFMalF6TFRVdU9UVXRNaTQxTmk0d01pMHVObll0TWk0ek1tdzFMamt1TnpJdExqTXROUzQ0TFRVdU5pMHVPVFF1TURFdE5DNHdOU0ExTGpJNUxqTTRMUzR6TFRVdU5ESXROQzQ1T0MwdU1ERjJMVFF1TlRGb05DNDNOMnd0TGpJdE5pNDNNaTAwTGpVMkxqWTBMakF4TFRRdU5UY2dOQzQwT0MwdU5IWXROaTR4YkMwMExqUTNMams1ZGkwMExqZzNiRFF1TmkweExqSTRMalV5TFRZdU1EUXROUzR4SURJdU1uWXROQzR5TTJ3MUxqSXRNaTR4Tnk0Mk5pMDFMams0TFRVdU9EWWdNaTR3TWk0d01TMDBMalExSURZdU9URXROQzR6Tmk0NE5DMDBMakkxTFRjdU56UWdNaTQ0ZGkwekxqVTJXazB4TmpBZ01UUTNMakF4WVRVd0lEVXdJREFnTVNBeExURXdNQ0F3VmpjeWFERXdNRm9pSUdacGJHdzlJblZ5YkNnalpuSTBMV3NwSWk4K1BIVnpaU0JvWldsbmFIUTlJakkwTWk0d01pSWdkSEpoYm5ObWIzSnRQU0p0WVhSeWFYZ29MVEVnTUNBd0lERWdNVEE0TGpreElERXdMalE1S1NJZ2QybGtkR2c5SWpFd01DNHdOQ0lnZUd4cGJtczZhSEpsWmowaUkyWnlOQzFzSWk4K1BIVnpaU0JvWldsbmFIUTlJakkwTWk0d01pSWdkSEpoYm5ObWIzSnRQU0owY21GdWMyeGhkR1VvTVRFeExqQTVJREV3TGpRNUtTSWdkMmxrZEdnOUlqRXdNQzR3TkNJZ2VHeHBibXM2YUhKbFpqMGlJMlp5TkMxc0lpOCtQSEJoZEdnZ1pEMGlUVEV4TUNBeE9UaGpMVEk0TGpFeUlEQXROVEV0TWpJdU9EY3ROVEV0TlRKV056QXVPVGRvTVRBeWRqYzJRVFV4TGpBM0lEVXhMakEzSURBZ01DQXhJREV4TUNBeE9UaGFJaUJtYVd4c1BTSnViMjVsSWlCemRISnZhMlU5SW5WeWJDZ2pabkkwTFcwcElpQnpkSEp2YTJVdGQybGtkR2c5SWpJaUx6NDhjR0YwYUNCa1BTSk5NVFl3SURjeUxqQXhTRFl3YkMweUxUSm9NVEEwYkMweUlESjZJaUJtYVd4c1BTSjFjbXdvSTJaeU5DMXVLU0l2UGp3dmMzWm5Qand2YzNablBnPT0ifQ=="`;
